../Core/Src/main.c:161:6:delay	16	static
../Core/Src/main.c:191:6:HAL_TIM_IC_CaptureCallback	16	static
../Core/Src/main.c:237:6:HCSR04_Read	8	static
../Core/Src/main.c:249:6:playNote	32	static
../Core/Src/main.c:269:6:playNote2	32	static
../Core/Src/main.c:293:5:main	8	static
../Core/Src/main.c:399:6:SystemClock_Config	112	static
../Core/Src/main.c:443:13:MX_I2C1_Init	8	static
../Core/Src/main.c:488:13:MX_TIM1_Init	32	static
../Core/Src/main.c:534:13:MX_TIM3_Init	64	static
../Core/Src/main.c:593:13:MX_TIM14_Init	40	static
../Core/Src/main.c:636:13:MX_USART2_UART_Init	8	static
../Core/Src/main.c:669:13:MX_GPIO_Init	56	static
../Core/Src/main.c:739:6:display_menu	8	static
../Core/Src/main.c:763:6:draw_dmc_logo	16	static
../Core/Src/main.c:777:6:draw_flux_capacitor	64	static
../Core/Src/main.c:805:6:draw_biffco_logo	16	static
../Core/Src/main.c:822:6:display_logo	8	static
../Core/Src/main.c:846:6:display_lap_times	64	static
../Core/Src/main.c:898:6:display_fastest_lap_times	80	static
../Core/Src/main.c:969:6:display_lap_finished	16	static
../Core/Src/main.c:987:6:blink_logo_led	24	static
../Core/Src/main.c:997:6:poll_buttons	24	static
../Core/Src/main.c:1083:6:lineFollowingTask	16	static
../Core/Src/main.c:1100:6:buttonPollTask	16	static
../Core/Src/main.c:1117:6:ultrasonicTask	16	static
../Core/Src/main.c:1150:6:sponsorsTask	16	static
../Core/Src/main.c:1191:6:speakerTask	16	static
../Core/Src/main.c:1219:6:HAL_TIM_PeriodElapsedCallback	16	static
../Core/Src/main.c:1235:6:Error_Handler	8	static,ignoring_inline_asm
