../Core/Src/main.c:85:5:main	8	static
../Core/Src/main.c:185:6:SystemClock_Config	112	static
../Core/Src/main.c:232:13:MX_I2C1_Init	8	static
../Core/Src/main.c:280:13:MX_TIM1_Init	32	static
../Core/Src/main.c:329:13:MX_TIM3_Init	64	static
../Core/Src/main.c:392:13:MX_USART2_UART_Init	8	static
../Core/Src/main.c:427:13:MX_GPIO_Init	56	static
../Core/Src/main.c:496:6:move_backward	16	static
../Core/Src/main.c:502:6:turn_left	16	static
../Core/Src/main.c:508:6:turn_right	16	static
../Core/Src/main.c:526:6:HAL_TIM_PeriodElapsedCallback	16	static
../Core/Src/main.c:544:6:Error_Handler	8	static,ignoring_inline_asm
