../Core/Src/main.c:175:6:delay	16	static
../Core/Src/main.c:200:6:HAL_TIM_IC_CaptureCallback	16	static
../Core/Src/main.c:246:6:HCSR04_Read	8	static
../Core/Src/main.c:258:6:playNote	32	static
../Core/Src/main.c:278:6:playNote2	32	static
../Core/Src/main.c:302:5:main	8	static
../Core/Src/main.c:406:6:SystemClock_Config	112	static
../Core/Src/main.c:453:13:MX_I2C1_Init	8	static
../Core/Src/main.c:501:13:MX_TIM1_Init	32	static
../Core/Src/main.c:550:13:MX_TIM3_Init	64	static
../Core/Src/main.c:613:13:MX_TIM14_Init	40	static
../Core/Src/main.c:659:13:MX_USART2_UART_Init	8	static
../Core/Src/main.c:694:13:MX_GPIO_Init	56	static
../Core/Src/main.c:763:6:display_menu	8	static
../Core/Src/main.c:787:6:draw_dmc_logo	16	static
../Core/Src/main.c:801:6:draw_flux_capacitor	64	static
../Core/Src/main.c:829:6:draw_biffco_logo	16	static
../Core/Src/main.c:846:6:display_logo	8	static
../Core/Src/main.c:870:6:display_lap_times	40	static
../Core/Src/main.c:906:6:display_lap_finished	16	static
../Core/Src/main.c:924:6:blink_logo_led	24	static
../Core/Src/main.c:934:6:poll_buttons	24	static
../Core/Src/main.c:1006:6:lineFollowingTask	16	static
../Core/Src/main.c:1024:6:buttonPollTask	16	static
../Core/Src/main.c:1042:6:ultrasonicTask	16	static
../Core/Src/main.c:1068:6:sponsorsTask	16	static
../Core/Src/main.c:1110:6:speakerTask	16	static
../Core/Src/main.c:1139:6:HAL_TIM_PeriodElapsedCallback	16	static
../Core/Src/main.c:1157:6:Error_Handler	8	static,ignoring_inline_asm
