../Core/Src/main.c:107:6:delay	16	static
../Core/Src/main.c:125:6:HAL_TIM_IC_CaptureCallback	32	static
../Core/Src/main.c:171:6:HCSR04_Read	8	static
../Core/Src/main.c:186:5:main	8	static
../Core/Src/main.c:278:6:SystemClock_Config	112	static
../Core/Src/main.c:322:13:MX_I2C1_Init	8	static
../Core/Src/main.c:367:13:MX_TIM1_Init	32	static
../Core/Src/main.c:413:13:MX_TIM3_Init	64	static
../Core/Src/main.c:472:13:MX_USART2_UART_Init	8	static
../Core/Src/main.c:505:13:MX_GPIO_Init	56	static
../Core/Src/main.c:570:6:display_menu	8	static
../Core/Src/main.c:589:6:display_logo	104	static
../Core/Src/main.c:687:6:display_lap_times	40	static
../Core/Src/main.c:721:6:blink_logo_led	24	static
../Core/Src/main.c:731:6:poll_buttons	24	static
../Core/Src/main.c:791:6:lineFollowingTask	16	static
../Core/Src/main.c:808:6:buttonPollTask	16	static
../Core/Src/main.c:826:6:HAL_TIM_PeriodElapsedCallback	16	static
../Core/Src/main.c:842:6:Error_Handler	8	static,ignoring_inline_asm
