../Core/Src/main.c:81:5:main	24	static
../Core/Src/main.c:216:6:SystemClock_Config	112	static
../Core/Src/main.c:260:13:MX_I2C1_Init	8	static
../Core/Src/main.c:305:13:MX_TIM1_Init	96	static
../Core/Src/main.c:380:13:MX_USART2_UART_Init	8	static
../Core/Src/main.c:413:13:MX_GPIO_Init	56	static
../Core/Src/main.c:472:6:move_forward	16	static
../Core/Src/main.c:478:6:move_backward	16	static
../Core/Src/main.c:484:6:turn_left	16	static
../Core/Src/main.c:490:6:turn_right	16	static
../Core/Src/main.c:497:6:stop_motors	8	static
../Core/Src/main.c:505:6:veer_left	16	static
../Core/Src/main.c:513:6:veer_right	16	static
../Core/Src/main.c:526:6:Error_Handler	8	static,ignoring_inline_asm
