../Core/Src/main.c:190:6:delay	16	static
../Core/Src/main.c:196:6:HAL_TIM_IC_CaptureCallback	16	static
../Core/Src/main.c:242:6:HCSR04_Read	8	static
../Core/Src/main.c:254:6:playNote	32	static
../Core/Src/main.c:274:6:playNote2	32	static
../Core/Src/main.c:298:5:main	8	static
../Core/Src/main.c:404:6:SystemClock_Config	112	static
../Core/Src/main.c:448:13:MX_I2C1_Init	8	static
../Core/Src/main.c:493:13:MX_TIM1_Init	32	static
../Core/Src/main.c:539:13:MX_TIM3_Init	64	static
../Core/Src/main.c:598:13:MX_TIM14_Init	40	static
../Core/Src/main.c:641:13:MX_USART2_UART_Init	8	static
../Core/Src/main.c:674:13:MX_GPIO_Init	56	static
../Core/Src/main.c:744:6:display_menu	8	static
../Core/Src/main.c:768:6:draw_dmc_logo	16	static
../Core/Src/main.c:781:6:draw_flux_capacitor	64	static
../Core/Src/main.c:812:6:draw_biffco_logo	16	static
../Core/Src/main.c:828:6:display_logo	8	static
../Core/Src/main.c:850:6:display_lap_times	64	static
../Core/Src/main.c:902:6:display_fastest_lap_times	80	static
../Core/Src/main.c:974:6:display_lap_finished	16	static
../Core/Src/main.c:993:6:blink_logo_led	24	static
../Core/Src/main.c:1003:6:poll_buttons	24	static
../Core/Src/main.c:1088:6:lineFollowingTask	16	static
../Core/Src/main.c:1105:6:buttonPollTask	16	static
../Core/Src/main.c:1122:6:ultrasonicTask	16	static
../Core/Src/main.c:1162:6:sponsorsTask	16	static
../Core/Src/main.c:1203:6:speakerTask	16	static
../Core/Src/main.c:1231:6:HAL_TIM_PeriodElapsedCallback	16	static
../Core/Src/main.c:1247:6:Error_Handler	8	static,ignoring_inline_asm
