../Core/Src/main.c:103:5:main	24	static
../Core/Src/main.c:238:6:SystemClock_Config	112	static
../Core/Src/main.c:282:13:MX_I2C1_Init	8	static
../Core/Src/main.c:327:13:MX_TIM1_Init	96	static
../Core/Src/main.c:402:13:MX_USART2_UART_Init	8	static
../Core/Src/main.c:435:13:MX_GPIO_Init	56	static
../Core/Src/main.c:494:6:move_forward	16	static
../Core/Src/main.c:500:6:move_backward	16	static
../Core/Src/main.c:506:6:turn_left	16	static
../Core/Src/main.c:512:6:turn_right	16	static
../Core/Src/main.c:519:6:stop_motors	8	static
../Core/Src/main.c:527:6:veer_left	16	static
../Core/Src/main.c:535:6:veer_right	16	static
../Core/Src/main.c:548:6:Error_Handler	8	static,ignoring_inline_asm
