../Core/Src/main.c:114:6:delay	16	static
../Core/Src/main.c:132:6:HAL_TIM_IC_CaptureCallback	32	static
../Core/Src/main.c:178:6:HCSR04_Read	8	static
../Core/Src/main.c:193:5:main	8	static
../Core/Src/main.c:288:6:SystemClock_Config	112	static
../Core/Src/main.c:335:13:MX_I2C1_Init	8	static
../Core/Src/main.c:383:13:MX_TIM1_Init	32	static
../Core/Src/main.c:432:13:MX_TIM3_Init	64	static
../Core/Src/main.c:495:13:MX_USART2_UART_Init	8	static
../Core/Src/main.c:530:13:MX_GPIO_Init	56	static
../Core/Src/main.c:583:6:display_logo	104	static
../Core/Src/main.c:669:6:display_lap_times	80	static
../Core/Src/main.c:695:6:blink_logo_led	24	static
../Core/Src/main.c:705:6:poll_buttons	24	static
../Core/Src/main.c:764:6:lineFollowingTask	16	static
../Core/Src/main.c:782:6:buttonPollTask	16	static
../Core/Src/main.c:801:6:HAL_TIM_PeriodElapsedCallback	16	static
../Core/Src/main.c:819:6:Error_Handler	8	static,ignoring_inline_asm
