../Core/Src/main.c:108:6:delay	16	static
../Core/Src/main.c:126:6:HAL_TIM_IC_CaptureCallback	32	static
../Core/Src/main.c:172:6:HCSR04_Read	8	static
../Core/Src/main.c:187:5:main	8	static
../Core/Src/main.c:279:6:SystemClock_Config	112	static
../Core/Src/main.c:323:13:MX_I2C1_Init	8	static
../Core/Src/main.c:368:13:MX_TIM1_Init	32	static
../Core/Src/main.c:414:13:MX_TIM3_Init	64	static
../Core/Src/main.c:473:13:MX_USART2_UART_Init	8	static
../Core/Src/main.c:506:13:MX_GPIO_Init	56	static
../Core/Src/main.c:577:6:display_menu	8	static
../Core/Src/main.c:596:6:display_logo	104	static
../Core/Src/main.c:694:6:display_lap_times	40	static
../Core/Src/main.c:728:6:blink_logo_led	24	static
../Core/Src/main.c:738:6:poll_buttons	24	static
../Core/Src/main.c:804:6:lineFollowingTask	16	static
../Core/Src/main.c:821:6:buttonPollTask	16	static
../Core/Src/main.c:839:6:HAL_TIM_PeriodElapsedCallback	16	static
../Core/Src/main.c:855:6:Error_Handler	8	static,ignoring_inline_asm
