../Core/Src/main.c:119:6:delay	16	static
../Core/Src/main.c:140:6:HAL_TIM_IC_CaptureCallback	16	static
../Core/Src/main.c:186:6:HCSR04_Read	8	static
../Core/Src/main.c:203:5:main	8	static
../Core/Src/main.c:304:6:SystemClock_Config	112	static
../Core/Src/main.c:348:13:MX_I2C1_Init	8	static
../Core/Src/main.c:393:13:MX_TIM1_Init	32	static
../Core/Src/main.c:439:13:MX_TIM3_Init	64	static
../Core/Src/main.c:498:13:MX_USART2_UART_Init	8	static
../Core/Src/main.c:531:13:MX_GPIO_Init	56	static
../Core/Src/main.c:601:6:display_menu	8	static
../Core/Src/main.c:623:6:draw_dmc_logo	16	static
../Core/Src/main.c:635:6:draw_flux_capacitor	64	static
../Core/Src/main.c:660:6:draw_biffco_logo	16	static
../Core/Src/main.c:675:6:display_logo	8	static
../Core/Src/main.c:697:6:display_lap_times	40	static
../Core/Src/main.c:731:6:blink_logo_led	24	static
../Core/Src/main.c:741:6:poll_buttons	24	static
../Core/Src/main.c:813:6:lineFollowingTask	16	static
../Core/Src/main.c:830:6:buttonPollTask	16	static
../Core/Src/main.c:847:6:ultrasonicTask	16	static
../Core/Src/main.c:869:6:sponsorsTask	16	static
../Core/Src/main.c:900:6:HAL_TIM_PeriodElapsedCallback	16	static
../Core/Src/main.c:916:6:Error_Handler	8	static,ignoring_inline_asm
